
> wattweiser-platform@0.1.0 build D:\WattOS_Plattform
> turbo run build

node.exe : turbo 2.6.3
In C:\Users\henni\AppData\Roaming\npm\pnpm.ps1:24 Zeichen:5
+     & "node$exe"  "$basedir/node_modules/pnpm/bin/pnpm.cjs" $args
+     ~~~~~~~~~~~~~~~~~~~~~~~~~~~~~~~~~~~~~~~~~~~~~~~~~~~~~~~~~~~~~
    + CategoryInfo          : NotSpecified: (turbo 2.6.3:String) [], RemoteException
    + FullyQualifiedErrorId : NativeCommandError
 

ÔÇó Packages in scope: @wattweiser/admin-service, @wattweiser/agent-generator-service, @wattweiser/agent-service, @wattweiser/agents, @wattweiser/avatar, @wattweiser/avatar-service, @wattweiser/character-service, @wattweiser/chat-service, @wattweiser/config, @wattweiser/core, @wattweiser/crawler-service, @wattweiser/customer-intelligence-service, @wattweiser/dashboard-service, @wattweiser/db, @wattweiser/dms, @wattweiser/document-processor, @wattweiser/evaluations, @wattweiser/f13, @wattweiser/f13-service, @wattweiser/feedback-service, @wattweiser/gateway, @wattweiser/ingestion-service, @wattweiser/knowledge-enhancement-service, @wattweiser/llm-gateway, @wattweiser/metaverse-service, @wattweiser/monitoring-dashboard-service, @wattweiser/observability-service, @wattweiser/persona-generator-service, @wattweiser/phone-bot-service, @wattweiser/rag-service, @wattweiser/shared, @wattweiser/summary-service, @wattweiser/tool-service, @wattweiser/vector-store, @wattweiser/voice-service, @wattweiser/web, @wattweiser/web-chat-service, @wattweiser/whatsapp-bot-service, @wattweiser/widget-service
ÔÇó Running build in 39 packages
ÔÇó Remote caching disabled
@wattweiser/avatar:build: cache miss, executing 3eaccc75662f8bc4
@wattweiser/config:build: cache miss, executing d0d0936f67575536
@wattweiser/f13:build: cache miss, executing b52820ba216e710e
@wattweiser/dms:build: cache miss, executing a9a046f6cfaf8979
@wattweiser/web:build: cache miss, executing 69aef8ef2d0dc74f
@wattweiser/shared:build: cache miss, executing a259b5fe5286c848
@wattweiser/f13:build: 
@wattweiser/f13:build: > @wattweiser/f13@0.1.0 build D:\WattOS_Plattform\packages\addons\f13
@wattweiser/f13:build: > tsc
@wattweiser/f13:build: 
@wattweiser/dms:build: 
@wattweiser/dms:build: > @wattweiser/dms@0.1.0 build D:\WattOS_Plattform\packages\addons\dms
@wattweiser/dms:build: > tsc
@wattweiser/dms:build: 
@wattweiser/avatar:build: 
@wattweiser/avatar:build: > @wattweiser/avatar@0.1.0 build D:\WattOS_Plattform\packages\addons\avatar
@wattweiser/avatar:build: > tsc
@wattweiser/avatar:build: 
@wattweiser/config:build: 
@wattweiser/config:build: > @wattweiser/config@0.1.0 build D:\WattOS_Plattform\packages\config
@wattweiser/config:build: > tsc
@wattweiser/config:build: 
@wattweiser/web:build: 
@wattweiser/web:build: > @wattweiser/web@0.1.0 build D:\WattOS_Plattform\apps\web
@wattweiser/web:build: > next build
@wattweiser/web:build: 
@wattweiser/shared:build: 
@wattweiser/shared:build: > @wattweiser/shared@0.1.0 build D:\WattOS_Plattform\packages\shared
@wattweiser/shared:build: > tsc
@wattweiser/shared:build: 
@wattweiser/dms:build: src/client.ts(65,62): error TS2769: No overload matches this call.
@wattweiser/dms:build:   Overload 1 of 4, '(propertyPath: any, options: ConfigGetOptions): any', gave the following error.
@wattweiser/dms:build:     Argument of type 'number | undefined' is not assignable to parameter of type 'ConfigGetOptions'.
@wattweiser/dms:build:       Type 'undefined' is not assignable to type 'ConfigGetOptions'.
@wattweiser/dms:build:   Overload 2 of 4, '(propertyPath: string | symbol, defaultValue: number): number', gave the following error.
@wattweiser/dms:build:     Argument of type 'number | undefined' is not assignable to parameter of type 'number'.
@wattweiser/dms:build:       Type 'undefined' is not assignable to type 'number'.
@wattweiser/dms:build: src/client.ts(66,75): error TS2769: No overload matches this call.
@wattweiser/dms:build:   Overload 1 of 4, '(propertyPath: any, options: ConfigGetOptions): any', gave the following error.
@wattweiser/dms:build:     Argument of type 'number | undefined' is not assignable to parameter of type 'ConfigGetOptions'.
@wattweiser/dms:build:       Type 'undefined' is not assignable to type 'ConfigGetOptions'.
@wattweiser/dms:build:   Overload 2 of 4, '(propertyPath: string | symbol, defaultValue: number): number', gave the following error.
@wattweiser/dms:build:     Argument of type 'number | undefined' is not assignable to parameter of type 'number'.
@wattweiser/dms:build:       Type 'undefined' is not assignable to type 'number'.
@wattweiser/dms:build: src/client.ts(67,69): error TS2769: No overload matches this call.
@wattweiser/dms:build:   Overload 1 of 4, '(propertyPath: any, options: ConfigGetOptions): any', gave the following error.
@wattweiser/dms:build:     Argument of type 'number | undefined' is not assignable to parameter of type 'ConfigGetOptions'.
@wattweiser/dms:build:       Type 'undefined' is not assignable to type 'ConfigGetOptions'.
@wattweiser/dms:build:   Overload 2 of 4, '(propertyPath: string | symbol, defaultValue: number): number', gave the following error.
@wattweiser/dms:build:     Argument of type 'number | undefined' is not assignable to parameter of type 'number'.
@wattweiser/dms:build:       Type 'undefined' is not assignable to type 'number'.
@wattweiser/dms:build: src/client.ts(68,73): error TS2769: No overload matches this call.
@wattweiser/dms:build:   Overload 1 of 4, '(propertyPath: any, options: ConfigGetOptions): any', gave the following error.
@wattweiser/dms:build:     Argument of type 'number | undefined' is not assignable to parameter of type 'ConfigGetOptions'.
@wattweiser/dms:build:       Type 'undefined' is not assignable to type 'ConfigGetOptions'.
@wattweiser/dms:build:   Overload 2 of 4, '(propertyPath: string | symbol, defaultValue: number): number', gave the following error.
@wattweiser/dms:build:     Argument of type 'number | undefined' is not assignable to parameter of type 'number'.
@wattweiser/dms:build:       Type 'undefined' is not assignable to type 'number'.
@wattweiser/dms:build: src/client.ts(69,67): error TS2769: No overload matches this call.
@wattweiser/dms:build:   Overload 1 of 4, '(propertyPath: any, options: ConfigGetOptions): any', gave the following error.
@wattweiser/dms:build:     Argument of type 'number | undefined' is not assignable to parameter of type 'ConfigGetOptions'.
@wattweiser/dms:build:       Type 'undefined' is not assignable to type 'ConfigGetOptions'.
@wattweiser/dms:build:   Overload 2 of 4, '(propertyPath: string | symbol, defaultValue: number): number', gave the following error.
@wattweiser/dms:build:     Argument of type 'number | undefined' is not assignable to parameter of type 'number'.
@wattweiser/dms:build:       Type 'undefined' is not assignable to type 'number'.
@wattweiser/dms:build: src/dms-sync.service.ts(2,30): error TS2307: Cannot find module '@wattweiser/db' or its corresponding type declarations.
@wattweiser/dms:build: src/dms-sync.service.ts(32,40): error TS2352: Conversion of type '{ data: string | Buffer<ArrayBufferLike>; format: string; language?: string | undefined; } | { message: string; intent?: string | undefined; confidence?: number | undefined; response?: string | undefined; } | ... 4 more ... | { ...; }' to type '{ tenantId: string; documentId: string; }' may be a mistake because neither type sufficiently overlaps with the other. If this was intentional, convert the expression to 'unknown' first.
@wattweiser/dms:build:   Type '{ channel: string; channelId: string; message?: string | undefined; direction?: "inbound" | "outbound" | undefined; }' is missing the following properties from type '{ tenantId: string; documentId: string; }': tenantId, documentId
@wattweiser/dms:build: src/dms-sync.service.ts(38,40): error TS2352: Conversion of type '{ data: string | Buffer<ArrayBufferLike>; format: string; language?: string | undefined; } | { message: string; intent?: string | undefined; confidence?: number | undefined; response?: string | undefined; } | ... 4 more ... | { ...; }' to type '{ tenantId: string; documentId: string; }' may be a mistake because neither type sufficiently overlaps with the other. If this was intentional, convert the expression to 'unknown' first.
@wattweiser/dms:build:   Type '{ channel: string; channelId: string; message?: string | undefined; direction?: "inbound" | "outbound" | undefined; }' is missing the following properties from type '{ tenantId: string; documentId: string; }': tenantId, documentId
@wattweiser/dms:build: src/dms-sync.service.ts(44,40): error TS2352: Conversion of type '{ data: string | Buffer<ArrayBufferLike>; format: string; language?: string | undefined; } | { message: string; intent?: string | undefined; confidence?: number | undefined; response?: string | undefined; } | ... 4 more ... | { ...; }' to type '{ tenantId: string; documentId: string; }' may be a mistake because neither type sufficiently overlaps with the other. If this was intentional, convert the expression to 'unknown' first.
@wattweiser/dms:build:   Type '{ channel: string; channelId: string; message?: string | undefined; direction?: "inbound" | "outbound" | undefined; }' is missing the following properties from type '{ tenantId: string; documentId: string; }': tenantId, documentId
@wattweiser/dms:build: src/dms-sync.service.ts(175,26): error TS2339: Property 'name' does not exist on type 'DMSDocument'.
@wattweiser/dms:build: src/dms-sync.service.ts(224,7): error TS2322: Type '"document.ready"' is not assignable to type '"audio.received" | "video.received" | "text.received" | "message.processed" | "intent.detected" | "response.generated" | "call.executed" | "call.failed" | "call.approved" | ... 14 more ... | "session.paused"'.
@wattweiser/dms:build: src/dms-sync.service.ts(228,9): error TS2353: Object literal may only specify known properties, and 'documentId' does not exist in type '{ data: string | Buffer<ArrayBufferLike>; format: string; language?: string | undefined; } | { message: string; intent?: string | undefined; confidence?: number | undefined; response?: string | undefined; } | ... 4 more ... | { ...; }'.
@wattweiser/dms:build: src/dms-sync.service.ts(255,9): error TS2322: Type '"document.deleted"' is not assignable to type '"audio.received" | "video.received" | "text.received" | "message.processed" | "intent.detected" | "response.generated" | "call.executed" | "call.failed" | "call.approved" | ... 14 more ... | "session.paused"'.
@wattweiser/dms:build: src/dms-sync.service.ts(259,11): error TS2353: Object literal may only specify known properties, and 'documentId' does not exist in type '{ data: string | Buffer<ArrayBufferLike>; format: string; language?: string | undefined; } | { message: string; intent?: string | undefined; confidence?: number | undefined; response?: string | undefined; } | ... 4 more ... | { ...; }'.
@wattweiser/dms:build: src/dms.service.ts(31,5): error TS6133: 'tenantId' is declared but its value is never read.
@wattweiser/dms:build: src/dms.service.ts(65,21): error TS6133: 'tenantId' is declared but its value is never read.
@wattweiser/dms:build: src/dms.service.ts(169,62): error TS2379: Argument of type '{ folderId: string | undefined; limit: number; offset: number; updatedSince: Date | undefined; }' is not assignable to parameter of type '{ folderId?: string; limit?: number; offset?: number; updatedSince?: Date; }' with 'exactOptionalPropertyTypes: true'. Consider adding 'undefined' to the types of the target's properties.
@wattweiser/dms:build:   Types of property 'folderId' are incompatible.
@wattweiser/dms:build:     Type 'string | undefined' is not assignable to type 'string'.
@wattweiser/dms:build:       Type 'undefined' is not assignable to type 'string'.
@wattweiser/dms:build: src/dms.service.ts(251,13): error TS6133: 'content' is declared but its value is never read.
@wattweiser/dms:build: ÔÇëELIFECYCLEÔÇë Command failed with exit code 2.
@wattweiser/avatar:build: src/avatar-repo.client.ts(4,51): error TS2306: File 'D:/WattOS_Plattform/packages/addons/avatar/src/config.ts' is not a module.
@wattweiser/avatar:build: src/avatar.service.ts(4,37): error TS2306: File 'D:/WattOS_Plattform/packages/addons/avatar/src/glb-processor.service.ts' is not a module.
@wattweiser/avatar:build: src/avatar.service.ts(6,51): error TS2306: File 'D:/WattOS_Plattform/packages/addons/avatar/src/config.ts' is not a module.
@wattweiser/avatar:build: src/avatar.service.ts(21,22): error TS6138: Property 'glbProcessor' is declared but its value is never read.
@wattweiser/avatar:build: src/avaturn-adapter.service.ts(5,51): error TS2306: File 'D:/WattOS_Plattform/packages/addons/avatar/src/config.ts' is not a module.
@wattweiser/avatar:build: src/avaturn-adapter.service.ts(6,37): error TS2306: File 'D:/WattOS_Plattform/packages/addons/avatar/src/glb-processor.service.ts' is not a module.
@wattweiser/avatar:build: src/avaturn-adapter.service.ts(127,16): error TS2554: Expected 3-4 arguments, but got 2.
@wattweiser/avatar:build: src/avaturn-adapter.service.ts(176,16): error TS2554: Expected 3-4 arguments, but got 2.
@wattweiser/avatar:build: src/avaturn-adapter.service.ts(199,16): error TS2554: Expected 2 arguments, but got 1.
@wattweiser/avatar:build: src/avaturn-adapter.service.ts(199,33): error TS2339: Property 'catch' does not exist on type 'void'.
@wattweiser/avatar:build: ÔÇëELIFECYCLEÔÇë Command failed with exit code 2.
@wattweiser/dms:build: ERROR: command finished with error: command (D:\WattOS_Plattform\packages\addons\dms) 
C:\Users\henni\AppData\Local\pnpm\.tools\pnpm\9.15.0\bin\pnpm.CMD run build exited (2)
@wattweiser/dms#build: command (D:\WattOS_Plattform\packages\addons\dms) 
C:\Users\henni\AppData\Local\pnpm\.tools\pnpm\9.15.0\bin\pnpm.CMD run build exited (2)

 Tasks:    1 successful, 6 total
Cached:    0 cached, 6 total
  Time:    5.246s 
Failed:    @wattweiser/dms#build

 ERROR  run failed: command  exited (2)
ÔÇëELIFECYCLEÔÇë Command failed with exit code 2.
